// Jest Snapshot v1, https://goo.gl/fbAQLP

exports[`<Spinner /> to match snapshot 1`] = `
<div
  className="ant-spin ant-spin-lg ant-spin-spinning spinner"
>
  <span
    className="ant-spin-dot ant-spin-dot-spin"
  >
    <i />
    <i />
    <i />
    <i />
  </span>
</div>
`;
