// Jest Snapshot v1, https://goo.gl/fbAQLP

exports[`ResultsMessage to match snapshot 1`] = `
<div
  className="no-results-container"
>
  <i
    className="far fa-sad-tear"
  />
  <p>
    No Results
  </p>
</div>
`;
